// Jest Snapshot v1, https://goo.gl/fbAQLP

exports[`Loading renders as expected 1`] = `
<div
  className="iDojEz"
>
  <span>
    ðŸ˜ƒ
  </span>
</div>
`;
